Found 5 test(s).
python : Creating test database for alias 'default'...
Au caractère Ligne:1 : 1
+ python manage.py test caretaker > test_log.txt 2>&1 ; cat test_log.tx ...
+ ~~~~~~~~~~~~~~~~~~~~~~~~~~~~~~~~~~~~~~~~~~~~~~~~~~~
    + CategoryInfo          : NotSpecified: (Creating test d...as 'default'...:Str 
   ing) [], RemoteException
    + FullyQualifiedErrorId : NativeCommandError
 

System check identified no issues (0 silenced).
.F.C:\Users\PC\AppData\Local\Programs\Python\Python314\Lib\site-packages\rest_frame
work\pagination.py:207: UnorderedObjectListWarning: Pagination may yield 
inconsistent results with an unordered object_list: <class 
'caretaker.models.Caretaker'> QuerySet.
  paginator = self.django_paginator_class(queryset, page_size)
F.
======================================================================
FAIL: test_create_care_request_success 
(tests.CaretakerAPITests.test_create_care_request_success)
Un patient peut crΘer une demande pour un garde-malade disponible.
----------------------------------------------------------------------
Traceback (most recent call last):
  File "C:\Users\PC\OneDrive\Bureau\backend_pfe - vf- presc- consult- 
appoin\caretaker\tests.py", line 62, in test_create_care_request_success
    self.assertEqual(response.status_code, status.HTTP_201_CREATED)
    ~~~~~~~~~~~~~~~~^^^^^^^^^^^^^^^^^^^^^^^^^^^^^^^^^^^^^^^^^^^^^^^
AssertionError: 400 != 201

======================================================================
FAIL: test_search_caretaker_filters 
(tests.CaretakerAPITests.test_search_caretaker_filters)
Un patient ne trouve que les gardes-malades vΘrifiΘs et disponibles.
----------------------------------------------------------------------
Traceback (most recent call last):
  File "C:\Users\PC\OneDrive\Bureau\backend_pfe - vf- presc- consult- 
appoin\caretaker\tests.py", line 49, in test_search_caretaker_filters
    self.assertEqual(len(response.data), 1)
    ~~~~~~~~~~~~~~~~^^^^^^^^^^^^^^^^^^^^^^^
AssertionError: 4 != 1

----------------------------------------------------------------------
Ran 5 tests in 2.305s

FAILED (failures=2)
Destroying test database for alias 'default'...

